// Jest Snapshot v1, https://goo.gl/fbAQLP

exports[`OrganizationApiKeysView renders 1`] = `
<OrganizationApiKeysView
  params={
    Object {
      "orgId": "org-slug",
    }
  }
  routes={
    Array [
      Object {
        "path": "/",
      },
      Object {
        "path": "/:orgId/",
      },
      Object {
        "path": "/organizations/:orgId/",
      },
      Object {
        "name": "API Key",
        "path": "api-keys/",
      },
    ]
  }
>
  <DocumentTitle
    title="Organization Name API Keys"
  >
    <LazyLoad
      component={[Function]}
      keys={
        Array [
          Object {
            "allowed_origins": "",
            "id": 1,
            "key": "aa624bcc12024702a202cd90be5feda0",
            "label": "Default",
            "scope_list": Array [
              "project:read",
              "event:read",
              "team:read",
              "member:read",
            ],
            "status": 0,
          },
        ]
      }
      onAddApiKey={[Function]}
      onRemove={[Function]}
      organization={
        Object {
          "access": Array [
            "org:read",
            "org:write",
            "org:admin",
            "project:read",
            "project:write",
            "project:admin",
            "team:read",
            "team:write",
            "team:admin",
          ],
          "features": Array [],
          "id": "3",
          "name": "Organization Name",
          "onboardingTasks": Array [],
          "slug": "org-slug",
          "teams": Array [],
        }
      }
      params={
        Object {
          "orgId": "org-slug",
        }
      }
      routes={
        Array [
          Object {
            "path": "/",
          },
          Object {
            "path": "/:orgId/",
          },
          Object {
            "path": "/organizations/:orgId/",
          },
          Object {
            "name": "API Key",
            "path": "api-keys/",
          },
        ]
      }
    >
      <LoadingIndicator>
        <div
          className="loading"
        >
          <div
            className="loading-indicator"
          />
          <div
            className="loading-message"
          />
        </div>
      </LoadingIndicator>
    </LazyLoad>
  </DocumentTitle>
</OrganizationApiKeysView>
`;
